<?xml version="1.0"?>
<Response>
    <Records_Found>1</Records_Found>
    <Trans_Status1>1</Trans_Status1>
    <Reference_Number1>1</Reference_Number1>
    <Error1>1</Error1>
</Response>
